/home/rscholz/github/randolf-scholz/linodenet/src/linodenet/bijections/base.py
  /home/rscholz/github/randolf-scholz/linodenet/src/linodenet/bijections/base.py:43:8 - error: Import "torch" could not be resolved (reportMissingImports)
  /home/rscholz/github/randolf-scholz/linodenet/src/linodenet/bijections/base.py:44:6 - error: Import "torch" could not be resolved (reportMissingImports)
  /home/rscholz/github/randolf-scholz/linodenet/src/linodenet/bijections/base.py:69:21 - error: Base class type is unknown, obscuring type of derived class (reportUntypedBaseClass)
  /home/rscholz/github/randolf-scholz/linodenet/src/linodenet/bijections/base.py:158:16 - error: Cannot instantiate abstract class "BijectionSequence"
    "Collection.__len__" is not implemented (reportAbstractUsage)
  /home/rscholz/github/randolf-scholz/linodenet/src/linodenet/bijections/base.py:177:16 - error: Cannot instantiate abstract class "TransformSequence"
    "Collection.__len__" is not implemented (reportAbstractUsage)
/home/rscholz/github/randolf-scholz/linodenet/src/linodenet/containers.py
  /home/rscholz/github/randolf-scholz/linodenet/src/linodenet/containers.py:35:6 - error: Import "torch.nn" could not be resolved (reportMissingImports)
  /home/rscholz/github/randolf-scholz/linodenet/src/linodenet/containers.py:136:33 - error: Base class type is unknown, obscuring type of derived class (reportUntypedBaseClass)
  /home/rscholz/github/randolf-scholz/linodenet/src/linodenet/containers.py:147:16 - error: Cannot instantiate abstract class "ModuleSequence"
    "Collection.__len__" is not implemented (reportAbstractUsage)
  /home/rscholz/github/randolf-scholz/linodenet/src/linodenet/containers.py:152:16 - error: Cannot instantiate abstract class "ModuleSequence"
    "Collection.__len__" is not implemented (reportAbstractUsage)
  /home/rscholz/github/randolf-scholz/linodenet/src/linodenet/containers.py:167:32 - error: Base class type is unknown, obscuring type of derived class (reportUntypedBaseClass)
  /home/rscholz/github/randolf-scholz/linodenet/src/linodenet/containers.py:184:73 - error: Unnecessary "# pyright: ignore" rule: "reportIncompatibleMethodOverride" (reportUnnecessaryTypeIgnoreComment)
/home/rscholz/github/randolf-scholz/linodenet/src/linodenet/distributions/categorical.py
  /home/rscholz/github/randolf-scholz/linodenet/src/linodenet/distributions/categorical.py:8:8 - error: Import "torch" could not be resolved (reportMissingImports)
  /home/rscholz/github/randolf-scholz/linodenet/src/linodenet/distributions/categorical.py:9:6 - error: Import "torch" could not be resolved (reportMissingImports)
/home/rscholz/github/randolf-scholz/linodenet/src/linodenet/distributions/gaussian.py
  /home/rscholz/github/randolf-scholz/linodenet/src/linodenet/distributions/gaussian.py:38:8 - error: Import "torch" could not be resolved (reportMissingImports)
  /home/rscholz/github/randolf-scholz/linodenet/src/linodenet/distributions/gaussian.py:39:8 - error: Import "torch.nn.functional" could not be resolved (reportMissingImports)
  /home/rscholz/github/randolf-scholz/linodenet/src/linodenet/distributions/gaussian.py:40:6 - error: Import "torch" could not be resolved (reportMissingImports)
  /home/rscholz/github/randolf-scholz/linodenet/src/linodenet/distributions/gaussian.py:45:26 - error: Base class type is unknown, obscuring type of derived class (reportUntypedBaseClass)
/home/rscholz/github/randolf-scholz/linodenet/src/linodenet/distributions/mixture.py
  /home/rscholz/github/randolf-scholz/linodenet/src/linodenet/distributions/mixture.py:8:8 - error: Import "torch" could not be resolved (reportMissingImports)
  /home/rscholz/github/randolf-scholz/linodenet/src/linodenet/distributions/mixture.py:9:6 - error: Import "torch" could not be resolved (reportMissingImports)
  /home/rscholz/github/randolf-scholz/linodenet/src/linodenet/distributions/mixture.py:16:36 - error: Base class type is unknown, obscuring type of derived class (reportUntypedBaseClass)
  /home/rscholz/github/randolf-scholz/linodenet/src/linodenet/distributions/mixture.py:36:27 - error: Cannot instantiate abstract class "ModuleSequence"
    "Collection.__len__" is not implemented (reportAbstractUsage)
/home/rscholz/github/randolf-scholz/linodenet/src/linodenet/domains.py
  /home/rscholz/github/randolf-scholz/linodenet/src/linodenet/domains.py:22:6 - error: Import "torch" could not be resolved (reportMissingImports)
/home/rscholz/github/randolf-scholz/linodenet/src/linodenet/forecasting/lssm.py
  /home/rscholz/github/randolf-scholz/linodenet/src/linodenet/forecasting/lssm.py:12:8 - error: Import "torch" could not be resolved (reportMissingImports)
  /home/rscholz/github/randolf-scholz/linodenet/src/linodenet/forecasting/lssm.py:13:6 - error: Import "torch" could not be resolved (reportMissingImports)
  /home/rscholz/github/randolf-scholz/linodenet/src/linodenet/forecasting/lssm.py:26:29 - error: Base class type is unknown, obscuring type of derived class (reportUntypedBaseClass)
/home/rscholz/github/randolf-scholz/linodenet/src/linodenet/lib/_liblinodenet.py
  /home/rscholz/github/randolf-scholz/linodenet/src/linodenet/lib/_liblinodenet.py:34:8 - error: Import "torch" could not be resolved (reportMissingImports)
  /home/rscholz/github/randolf-scholz/linodenet/src/linodenet/lib/_liblinodenet.py:35:6 - error: Import "torch" could not be resolved (reportMissingImports)
  /home/rscholz/github/randolf-scholz/linodenet/src/linodenet/lib/_liblinodenet.py:72:10 - error: Import "torch.utils" could not be resolved (reportMissingImports)
  /home/rscholz/github/randolf-scholz/linodenet/src/linodenet/lib/_liblinodenet.py:100:10 - error: Import "torch.utils" could not be resolved (reportMissingImports)
  /home/rscholz/github/randolf-scholz/linodenet/src/linodenet/lib/_liblinodenet.py:105:9 - error: Argument of type "str | None" cannot be assigned to parameter "args" of type "StrPath" in function "__new__"
    Type "str | None" is not assignable to type "StrPath"
      Type "None" is not assignable to type "StrPath"
        "None" is not assignable to "str"
        "None" is incompatible with protocol "PathLike[str]"
          "__fspath__" is not present (reportArgumentType)
  /home/rscholz/github/randolf-scholz/linodenet/src/linodenet/lib/_liblinodenet.py:105:9 - error: Argument of type "str | None" cannot be assigned to parameter "args" of type "StrPath" in function "__init__"
    Type "str | None" is not assignable to type "StrPath"
      Type "None" is not assignable to type "StrPath"
        "None" is not assignable to "str"
        "None" is incompatible with protocol "PathLike[str]"
          "__fspath__" is not present (reportArgumentType)
/home/rscholz/github/randolf-scholz/linodenet/src/linodenet/testing/matrix_tests.py
  /home/rscholz/github/randolf-scholz/linodenet/src/linodenet/testing/matrix_tests.py:29:8 - error: Import "torch" could not be resolved (reportMissingImports)
  /home/rscholz/github/randolf-scholz/linodenet/src/linodenet/testing/matrix_tests.py:30:6 - error: Import "torch" could not be resolved (reportMissingImports)
/home/rscholz/github/randolf-scholz/linodenet/tests/linodenet/jit_compatibility/test_subclassing.py
  /home/rscholz/github/randolf-scholz/linodenet/tests/linodenet/jit_compatibility/test_subclassing.py:6:8 - error: Import "torch" could not be resolved (reportMissingImports)
  /home/rscholz/github/randolf-scholz/linodenet/tests/linodenet/jit_compatibility/test_subclassing.py:7:6 - error: Import "torch" could not be resolved (reportMissingImports)
  /home/rscholz/github/randolf-scholz/linodenet/tests/linodenet/jit_compatibility/test_subclassing.py:10:11 - error: Base class type is unknown, obscuring type of derived class (reportUntypedBaseClass)
/home/rscholz/github/randolf-scholz/linodenet/tests/third_party/test_torch/test_size_from_sequence.py
  /home/rscholz/github/randolf-scholz/linodenet/tests/third_party/test_torch/test_size_from_sequence.py:6:8 - error: Import "torch" could not be resolved (reportMissingImports)
  /home/rscholz/github/randolf-scholz/linodenet/tests/third_party/test_torch/test_size_from_sequence.py:67:66 - error: Unnecessary "# pyright: ignore" rule: "reportArgumentType" (reportUnnecessaryTypeIgnoreComment)
38 errors, 0 warnings, 0 informations
